// Jest Snapshot v1, https://goo.gl/fbAQLP

exports[`The button component It should render Should render 1`] = `
ShallowWrapper {
  "length": 1,
  Symbol(enzyme.__root__): [Circular],
  Symbol(enzyme.__unrendered__): <Button
    buttonPress={[MockFunction]}
    title="Test Button"
  />,
  Symbol(enzyme.__renderer__): Object {
    "batchedUpdates": [Function],
    "getNode": [Function],
    "render": [Function],
    "simulateEvent": [Function],
    "unmount": [Function],
  },
  Symbol(enzyme.__node__): Object {
    "instance": null,
    "key": undefined,
    "nodeType": "class",
    "props": Object {
      "activeOpacity": 0.85,
      "children": <Text
        accessible={true}
        allowFontScaling={true}
        ellipsizeMode="tail"
        style={
          Object {
            "color": "#fff",
            "fontSize": 20,
          }
        }
      >
        Test Button
      </Text>,
      "delayPressOut": 100,
      "onPress": [Function],
      "style": Array [
        Object {
          "flex": 1,
        },
        undefined,
      ],
      "underlayColor": "black",
    },
    "ref": null,
    "rendered": Object {
      "instance": null,
      "key": undefined,
      "nodeType": "class",
      "props": Object {
        "accessible": true,
        "allowFontScaling": true,
        "children": "Test Button",
        "ellipsizeMode": "tail",
        "style": Object {
          "color": "#fff",
          "fontSize": 20,
        },
      },
      "ref": null,
      "rendered": "Test Button",
      "type": [Function],
    },
    "type": [Function],
  },
  Symbol(enzyme.__nodes__): Array [
    Object {
      "instance": null,
      "key": undefined,
      "nodeType": "class",
      "props": Object {
        "activeOpacity": 0.85,
        "children": <Text
          accessible={true}
          allowFontScaling={true}
          ellipsizeMode="tail"
          style={
            Object {
              "color": "#fff",
              "fontSize": 20,
            }
          }
        >
          Test Button
        </Text>,
        "delayPressOut": 100,
        "onPress": [Function],
        "style": Array [
          Object {
            "flex": 1,
          },
          undefined,
        ],
        "underlayColor": "black",
      },
      "ref": null,
      "rendered": Object {
        "instance": null,
        "key": undefined,
        "nodeType": "class",
        "props": Object {
          "accessible": true,
          "allowFontScaling": true,
          "children": "Test Button",
          "ellipsizeMode": "tail",
          "style": Object {
            "color": "#fff",
            "fontSize": 20,
          },
        },
        "ref": null,
        "rendered": "Test Button",
        "type": [Function],
      },
      "type": [Function],
    },
  ],
  Symbol(enzyme.__options__): Object {
    "adapter": ReactSixteenAdapter {
      "options": Object {
        "enableComponentDidUpdateOnSetState": true,
      },
    },
  },
}
`;
