// Jest Snapshot v1, https://goo.gl/fbAQLP

exports[`The Error component It should render Should render 1`] = `
ShallowWrapper {
  "length": 1,
  Symbol(enzyme.__root__): [Circular],
  Symbol(enzyme.__unrendered__): <Error
    errorType="stock"
    instructionLabel="Enter a stock symbol"
    onTextSearch={[MockFunction]}
    search=""
    startAgain={[MockFunction]}
    submitSearch={[MockFunction]}
  />,
  Symbol(enzyme.__renderer__): Object {
    "batchedUpdates": [Function],
    "getNode": [Function],
    "render": [Function],
    "simulateEvent": [Function],
    "unmount": [Function],
  },
  Symbol(enzyme.__node__): Object {
    "instance": null,
    "key": undefined,
    "nodeType": "class",
    "props": Object {
      "children": Array [
        <View
          style={
            Object {
              "alignItems": "center",
              "flex": 0.1,
              "justifyContent": "center",
            }
          }
        >
          <Text
            accessible={true}
            allowFontScaling={true}
            ellipsizeMode="tail"
            style={
              Object {
                "color": "red",
              }
            }
          >
            There was an error loading the data
          </Text>
        </View>,
        <Instructions
          instructionContainer={
            Object {
              "alignItems": "center",
              "flex": 0.2,
              "justifyContent": "center",
            }
          }
          label="Enter a stock symbol"
        />,
        <View
          style={
            Object {
              "flex": 0.3,
              "marginLeft": 10,
              "marginRight": 10,
            }
          }
        >
          <Search
            error={true}
            label={undefined}
            onTextSearch={[Function]}
            placeholder="Please enter a stock code"
            restart={[Function]}
            searchType="stock"
            submitSearch={[Function]}
            type="search"
            value=""
          />
        </View>,
      ],
      "style": Object {
        "backgroundColor": "#fff",
        "flex": 1,
      },
    },
    "ref": null,
    "rendered": Array [
      Object {
        "instance": null,
        "key": undefined,
        "nodeType": "class",
        "props": Object {
          "children": <Text
            accessible={true}
            allowFontScaling={true}
            ellipsizeMode="tail"
            style={
              Object {
                "color": "red",
              }
            }
          >
            There was an error loading the data
          </Text>,
          "style": Object {
            "alignItems": "center",
            "flex": 0.1,
            "justifyContent": "center",
          },
        },
        "ref": null,
        "rendered": Object {
          "instance": null,
          "key": undefined,
          "nodeType": "class",
          "props": Object {
            "accessible": true,
            "allowFontScaling": true,
            "children": "There was an error loading the data",
            "ellipsizeMode": "tail",
            "style": Object {
              "color": "red",
            },
          },
          "ref": null,
          "rendered": "There was an error loading the data",
          "type": [Function],
        },
        "type": [Function],
      },
      Object {
        "instance": null,
        "key": undefined,
        "nodeType": "function",
        "props": Object {
          "instructionContainer": Object {
            "alignItems": "center",
            "flex": 0.2,
            "justifyContent": "center",
          },
          "label": "Enter a stock symbol",
        },
        "ref": null,
        "rendered": null,
        "type": [Function],
      },
      Object {
        "instance": null,
        "key": undefined,
        "nodeType": "class",
        "props": Object {
          "children": <Search
            error={true}
            label={undefined}
            onTextSearch={[Function]}
            placeholder="Please enter a stock code"
            restart={[Function]}
            searchType="stock"
            submitSearch={[Function]}
            type="search"
            value=""
          />,
          "style": Object {
            "flex": 0.3,
            "marginLeft": 10,
            "marginRight": 10,
          },
        },
        "ref": null,
        "rendered": Object {
          "instance": null,
          "key": undefined,
          "nodeType": "class",
          "props": Object {
            "error": true,
            "label": undefined,
            "onTextSearch": [Function],
            "placeholder": "Please enter a stock code",
            "restart": [Function],
            "searchType": "stock",
            "submitSearch": [Function],
            "type": "search",
            "value": "",
          },
          "ref": null,
          "rendered": null,
          "type": [Function],
        },
        "type": [Function],
      },
    ],
    "type": [Function],
  },
  Symbol(enzyme.__nodes__): Array [
    Object {
      "instance": null,
      "key": undefined,
      "nodeType": "class",
      "props": Object {
        "children": Array [
          <View
            style={
              Object {
                "alignItems": "center",
                "flex": 0.1,
                "justifyContent": "center",
              }
            }
          >
            <Text
              accessible={true}
              allowFontScaling={true}
              ellipsizeMode="tail"
              style={
                Object {
                  "color": "red",
                }
              }
            >
              There was an error loading the data
            </Text>
          </View>,
          <Instructions
            instructionContainer={
              Object {
                "alignItems": "center",
                "flex": 0.2,
                "justifyContent": "center",
              }
            }
            label="Enter a stock symbol"
          />,
          <View
            style={
              Object {
                "flex": 0.3,
                "marginLeft": 10,
                "marginRight": 10,
              }
            }
          >
            <Search
              error={true}
              label={undefined}
              onTextSearch={[Function]}
              placeholder="Please enter a stock code"
              restart={[Function]}
              searchType="stock"
              submitSearch={[Function]}
              type="search"
              value=""
            />
          </View>,
        ],
        "style": Object {
          "backgroundColor": "#fff",
          "flex": 1,
        },
      },
      "ref": null,
      "rendered": Array [
        Object {
          "instance": null,
          "key": undefined,
          "nodeType": "class",
          "props": Object {
            "children": <Text
              accessible={true}
              allowFontScaling={true}
              ellipsizeMode="tail"
              style={
                Object {
                  "color": "red",
                }
              }
            >
              There was an error loading the data
            </Text>,
            "style": Object {
              "alignItems": "center",
              "flex": 0.1,
              "justifyContent": "center",
            },
          },
          "ref": null,
          "rendered": Object {
            "instance": null,
            "key": undefined,
            "nodeType": "class",
            "props": Object {
              "accessible": true,
              "allowFontScaling": true,
              "children": "There was an error loading the data",
              "ellipsizeMode": "tail",
              "style": Object {
                "color": "red",
              },
            },
            "ref": null,
            "rendered": "There was an error loading the data",
            "type": [Function],
          },
          "type": [Function],
        },
        Object {
          "instance": null,
          "key": undefined,
          "nodeType": "function",
          "props": Object {
            "instructionContainer": Object {
              "alignItems": "center",
              "flex": 0.2,
              "justifyContent": "center",
            },
            "label": "Enter a stock symbol",
          },
          "ref": null,
          "rendered": null,
          "type": [Function],
        },
        Object {
          "instance": null,
          "key": undefined,
          "nodeType": "class",
          "props": Object {
            "children": <Search
              error={true}
              label={undefined}
              onTextSearch={[Function]}
              placeholder="Please enter a stock code"
              restart={[Function]}
              searchType="stock"
              submitSearch={[Function]}
              type="search"
              value=""
            />,
            "style": Object {
              "flex": 0.3,
              "marginLeft": 10,
              "marginRight": 10,
            },
          },
          "ref": null,
          "rendered": Object {
            "instance": null,
            "key": undefined,
            "nodeType": "class",
            "props": Object {
              "error": true,
              "label": undefined,
              "onTextSearch": [Function],
              "placeholder": "Please enter a stock code",
              "restart": [Function],
              "searchType": "stock",
              "submitSearch": [Function],
              "type": "search",
              "value": "",
            },
            "ref": null,
            "rendered": null,
            "type": [Function],
          },
          "type": [Function],
        },
      ],
      "type": [Function],
    },
  ],
  Symbol(enzyme.__options__): Object {
    "adapter": ReactSixteenAdapter {
      "options": Object {
        "enableComponentDidUpdateOnSetState": true,
      },
    },
  },
}
`;
