// Jest Snapshot v1, https://goo.gl/fbAQLP

exports[`The exchange tab It should render Should render 1`] = `
ShallowWrapper {
  "length": 1,
  Symbol(enzyme.__root__): [Circular],
  Symbol(enzyme.__unrendered__): <Exchange
    navigation={
      Object {
        "navigate": [MockFunction],
      }
    }
  />,
  Symbol(enzyme.__renderer__): Object {
    "batchedUpdates": [Function],
    "getNode": [Function],
    "render": [Function],
    "simulateEvent": [Function],
    "unmount": [Function],
  },
  Symbol(enzyme.__node__): Object {
    "instance": null,
    "key": undefined,
    "nodeType": "class",
    "props": Object {
      "children": Array [
        <Instructions
          instructionContainer={
            Object {
              "alignItems": "center",
              "flex": 0.2,
              "justifyContent": "center",
            }
          }
          label="Please enter 3 letter currency symbols"
        />,
        <View
          style={
            Object {
              "flex": 0.3,
              "margin": 10,
            }
          }
        >
          <Search
            currencyOne=""
            currencyTwo=""
            error={false}
            labelOne="From"
            labelTwo="To"
            onTextSearch={[Function]}
            searchType="currency"
            submitSearch={[Function]}
            typeOne="currencyOne"
            typeTwo="currencyTwo"
          />
        </View>,
      ],
      "style": Object {
        "backgroundColor": "#fff",
        "flex": 1,
      },
    },
    "ref": null,
    "rendered": Array [
      Object {
        "instance": null,
        "key": undefined,
        "nodeType": "function",
        "props": Object {
          "instructionContainer": Object {
            "alignItems": "center",
            "flex": 0.2,
            "justifyContent": "center",
          },
          "label": "Please enter 3 letter currency symbols",
        },
        "ref": null,
        "rendered": null,
        "type": [Function],
      },
      Object {
        "instance": null,
        "key": undefined,
        "nodeType": "class",
        "props": Object {
          "children": <Search
            currencyOne=""
            currencyTwo=""
            error={false}
            labelOne="From"
            labelTwo="To"
            onTextSearch={[Function]}
            searchType="currency"
            submitSearch={[Function]}
            typeOne="currencyOne"
            typeTwo="currencyTwo"
          />,
          "style": Object {
            "flex": 0.3,
            "margin": 10,
          },
        },
        "ref": null,
        "rendered": Object {
          "instance": null,
          "key": undefined,
          "nodeType": "class",
          "props": Object {
            "currencyOne": "",
            "currencyTwo": "",
            "error": false,
            "labelOne": "From",
            "labelTwo": "To",
            "onTextSearch": [Function],
            "searchType": "currency",
            "submitSearch": [Function],
            "typeOne": "currencyOne",
            "typeTwo": "currencyTwo",
          },
          "ref": null,
          "rendered": null,
          "type": [Function],
        },
        "type": [Function],
      },
    ],
    "type": [Function],
  },
  Symbol(enzyme.__nodes__): Array [
    Object {
      "instance": null,
      "key": undefined,
      "nodeType": "class",
      "props": Object {
        "children": Array [
          <Instructions
            instructionContainer={
              Object {
                "alignItems": "center",
                "flex": 0.2,
                "justifyContent": "center",
              }
            }
            label="Please enter 3 letter currency symbols"
          />,
          <View
            style={
              Object {
                "flex": 0.3,
                "margin": 10,
              }
            }
          >
            <Search
              currencyOne=""
              currencyTwo=""
              error={false}
              labelOne="From"
              labelTwo="To"
              onTextSearch={[Function]}
              searchType="currency"
              submitSearch={[Function]}
              typeOne="currencyOne"
              typeTwo="currencyTwo"
            />
          </View>,
        ],
        "style": Object {
          "backgroundColor": "#fff",
          "flex": 1,
        },
      },
      "ref": null,
      "rendered": Array [
        Object {
          "instance": null,
          "key": undefined,
          "nodeType": "function",
          "props": Object {
            "instructionContainer": Object {
              "alignItems": "center",
              "flex": 0.2,
              "justifyContent": "center",
            },
            "label": "Please enter 3 letter currency symbols",
          },
          "ref": null,
          "rendered": null,
          "type": [Function],
        },
        Object {
          "instance": null,
          "key": undefined,
          "nodeType": "class",
          "props": Object {
            "children": <Search
              currencyOne=""
              currencyTwo=""
              error={false}
              labelOne="From"
              labelTwo="To"
              onTextSearch={[Function]}
              searchType="currency"
              submitSearch={[Function]}
              typeOne="currencyOne"
              typeTwo="currencyTwo"
            />,
            "style": Object {
              "flex": 0.3,
              "margin": 10,
            },
          },
          "ref": null,
          "rendered": Object {
            "instance": null,
            "key": undefined,
            "nodeType": "class",
            "props": Object {
              "currencyOne": "",
              "currencyTwo": "",
              "error": false,
              "labelOne": "From",
              "labelTwo": "To",
              "onTextSearch": [Function],
              "searchType": "currency",
              "submitSearch": [Function],
              "typeOne": "currencyOne",
              "typeTwo": "currencyTwo",
            },
            "ref": null,
            "rendered": null,
            "type": [Function],
          },
          "type": [Function],
        },
      ],
      "type": [Function],
    },
  ],
  Symbol(enzyme.__options__): Object {
    "adapter": ReactSixteenAdapter {
      "options": Object {
        "enableComponentDidUpdateOnSetState": true,
      },
    },
  },
}
`;
