// Jest Snapshot v1, https://goo.gl/fbAQLP

exports[`The Loading component It should render Should render 1`] = `
ShallowWrapper {
  "length": 1,
  Symbol(enzyme.__root__): [Circular],
  Symbol(enzyme.__unrendered__): <Loading />,
  Symbol(enzyme.__renderer__): Object {
    "batchedUpdates": [Function],
    "getNode": [Function],
    "render": [Function],
    "simulateEvent": [Function],
    "unmount": [Function],
  },
  Symbol(enzyme.__node__): Object {
    "instance": null,
    "key": undefined,
    "nodeType": "class",
    "props": Object {
      "children": <ActivityIndicator
        animating={true}
        color="#EA572D"
        hidesWhenStopped={true}
        size="large"
      />,
      "style": Object {
        "alignItems": "center",
        "flex": 1,
        "justifyContent": "center",
      },
    },
    "ref": null,
    "rendered": Object {
      "instance": null,
      "key": undefined,
      "nodeType": "class",
      "props": Object {
        "animating": true,
        "color": "#EA572D",
        "hidesWhenStopped": true,
        "size": "large",
      },
      "ref": null,
      "rendered": null,
      "type": [Function],
    },
    "type": [Function],
  },
  Symbol(enzyme.__nodes__): Array [
    Object {
      "instance": null,
      "key": undefined,
      "nodeType": "class",
      "props": Object {
        "children": <ActivityIndicator
          animating={true}
          color="#EA572D"
          hidesWhenStopped={true}
          size="large"
        />,
        "style": Object {
          "alignItems": "center",
          "flex": 1,
          "justifyContent": "center",
        },
      },
      "ref": null,
      "rendered": Object {
        "instance": null,
        "key": undefined,
        "nodeType": "class",
        "props": Object {
          "animating": true,
          "color": "#EA572D",
          "hidesWhenStopped": true,
          "size": "large",
        },
        "ref": null,
        "rendered": null,
        "type": [Function],
      },
      "type": [Function],
    },
  ],
  Symbol(enzyme.__options__): Object {
    "adapter": ReactSixteenAdapter {
      "options": Object {
        "enableComponentDidUpdateOnSetState": true,
      },
    },
  },
}
`;
