// Jest Snapshot v1, https://goo.gl/fbAQLP

exports[`The Search component It should render Should render 1`] = `
ShallowWrapper {
  "length": 1,
  Symbol(enzyme.__root__): [Circular],
  Symbol(enzyme.__unrendered__): <Search
    error={false}
    label="Stock symbol"
    onTextSearch={[MockFunction]}
    searchType="stock"
    submitSearch={[MockFunction]}
    type="search"
    value=""
  />,
  Symbol(enzyme.__renderer__): Object {
    "batchedUpdates": [Function],
    "getNode": [Function],
    "render": [Function],
    "simulateEvent": [Function],
    "unmount": [Function],
  },
  Symbol(enzyme.__node__): Object {
    "instance": null,
    "key": undefined,
    "nodeType": "class",
    "props": Object {
      "children": <View
        style={
          Object {
            "flex": 1,
          }
        }
      >
        <View
          style={
            Object {
              "flex": 0.6,
              "marginBottom": 10,
            }
          }
        >
          <Input
            label="Stock symbol"
            onTextInput={[Function]}
            placeholder={undefined}
            type="search"
            value=""
          />
        </View>
        <View
          style={
            Object {
              "flex": 1,
            }
          }
        >
          <View
            style={
              Object {
                "flex": 0.5,
                "flexDirection": "row",
                "justifyContent": "center",
              }
            }
          >
            <Button
              buttonPress={[Function]}
              buttonStyle={
                Object {
                  "alignItems": "center",
                  "backgroundColor": "#EA572D",
                  "borderRadius": 60,
                  "flex": 0.5,
                  "justifyContent": "center",
                }
              }
              title="Search"
            />
          </View>
        </View>
      </View>,
      "style": Object {
        "flex": 1,
      },
    },
    "ref": null,
    "rendered": Object {
      "instance": null,
      "key": undefined,
      "nodeType": "class",
      "props": Object {
        "children": Array [
          <View
            style={
              Object {
                "flex": 0.6,
                "marginBottom": 10,
              }
            }
          >
            <Input
              label="Stock symbol"
              onTextInput={[Function]}
              placeholder={undefined}
              type="search"
              value=""
            />
          </View>,
          <View
            style={
              Object {
                "flex": 1,
              }
            }
          >
            <View
              style={
                Object {
                  "flex": 0.5,
                  "flexDirection": "row",
                  "justifyContent": "center",
                }
              }
            >
              <Button
                buttonPress={[Function]}
                buttonStyle={
                  Object {
                    "alignItems": "center",
                    "backgroundColor": "#EA572D",
                    "borderRadius": 60,
                    "flex": 0.5,
                    "justifyContent": "center",
                  }
                }
                title="Search"
              />
            </View>
          </View>,
        ],
        "style": Object {
          "flex": 1,
        },
      },
      "ref": null,
      "rendered": Array [
        Object {
          "instance": null,
          "key": undefined,
          "nodeType": "class",
          "props": Object {
            "children": <Input
              label="Stock symbol"
              onTextInput={[Function]}
              placeholder={undefined}
              type="search"
              value=""
            />,
            "style": Object {
              "flex": 0.6,
              "marginBottom": 10,
            },
          },
          "ref": null,
          "rendered": Object {
            "instance": null,
            "key": undefined,
            "nodeType": "class",
            "props": Object {
              "label": "Stock symbol",
              "onTextInput": [Function],
              "placeholder": undefined,
              "type": "search",
              "value": "",
            },
            "ref": null,
            "rendered": null,
            "type": [Function],
          },
          "type": [Function],
        },
        Object {
          "instance": null,
          "key": undefined,
          "nodeType": "class",
          "props": Object {
            "children": <View
              style={
                Object {
                  "flex": 0.5,
                  "flexDirection": "row",
                  "justifyContent": "center",
                }
              }
            >
              <Button
                buttonPress={[Function]}
                buttonStyle={
                  Object {
                    "alignItems": "center",
                    "backgroundColor": "#EA572D",
                    "borderRadius": 60,
                    "flex": 0.5,
                    "justifyContent": "center",
                  }
                }
                title="Search"
              />
            </View>,
            "style": Object {
              "flex": 1,
            },
          },
          "ref": null,
          "rendered": Object {
            "instance": null,
            "key": undefined,
            "nodeType": "class",
            "props": Object {
              "children": <Button
                buttonPress={[Function]}
                buttonStyle={
                  Object {
                    "alignItems": "center",
                    "backgroundColor": "#EA572D",
                    "borderRadius": 60,
                    "flex": 0.5,
                    "justifyContent": "center",
                  }
                }
                title="Search"
              />,
              "style": Object {
                "flex": 0.5,
                "flexDirection": "row",
                "justifyContent": "center",
              },
            },
            "ref": null,
            "rendered": Object {
              "instance": null,
              "key": undefined,
              "nodeType": "class",
              "props": Object {
                "buttonPress": [Function],
                "buttonStyle": Object {
                  "alignItems": "center",
                  "backgroundColor": "#EA572D",
                  "borderRadius": 60,
                  "flex": 0.5,
                  "justifyContent": "center",
                },
                "title": "Search",
              },
              "ref": null,
              "rendered": null,
              "type": [Function],
            },
            "type": [Function],
          },
          "type": [Function],
        },
      ],
      "type": [Function],
    },
    "type": [Function],
  },
  Symbol(enzyme.__nodes__): Array [
    Object {
      "instance": null,
      "key": undefined,
      "nodeType": "class",
      "props": Object {
        "children": <View
          style={
            Object {
              "flex": 1,
            }
          }
        >
          <View
            style={
              Object {
                "flex": 0.6,
                "marginBottom": 10,
              }
            }
          >
            <Input
              label="Stock symbol"
              onTextInput={[Function]}
              placeholder={undefined}
              type="search"
              value=""
            />
          </View>
          <View
            style={
              Object {
                "flex": 1,
              }
            }
          >
            <View
              style={
                Object {
                  "flex": 0.5,
                  "flexDirection": "row",
                  "justifyContent": "center",
                }
              }
            >
              <Button
                buttonPress={[Function]}
                buttonStyle={
                  Object {
                    "alignItems": "center",
                    "backgroundColor": "#EA572D",
                    "borderRadius": 60,
                    "flex": 0.5,
                    "justifyContent": "center",
                  }
                }
                title="Search"
              />
            </View>
          </View>
        </View>,
        "style": Object {
          "flex": 1,
        },
      },
      "ref": null,
      "rendered": Object {
        "instance": null,
        "key": undefined,
        "nodeType": "class",
        "props": Object {
          "children": Array [
            <View
              style={
                Object {
                  "flex": 0.6,
                  "marginBottom": 10,
                }
              }
            >
              <Input
                label="Stock symbol"
                onTextInput={[Function]}
                placeholder={undefined}
                type="search"
                value=""
              />
            </View>,
            <View
              style={
                Object {
                  "flex": 1,
                }
              }
            >
              <View
                style={
                  Object {
                    "flex": 0.5,
                    "flexDirection": "row",
                    "justifyContent": "center",
                  }
                }
              >
                <Button
                  buttonPress={[Function]}
                  buttonStyle={
                    Object {
                      "alignItems": "center",
                      "backgroundColor": "#EA572D",
                      "borderRadius": 60,
                      "flex": 0.5,
                      "justifyContent": "center",
                    }
                  }
                  title="Search"
                />
              </View>
            </View>,
          ],
          "style": Object {
            "flex": 1,
          },
        },
        "ref": null,
        "rendered": Array [
          Object {
            "instance": null,
            "key": undefined,
            "nodeType": "class",
            "props": Object {
              "children": <Input
                label="Stock symbol"
                onTextInput={[Function]}
                placeholder={undefined}
                type="search"
                value=""
              />,
              "style": Object {
                "flex": 0.6,
                "marginBottom": 10,
              },
            },
            "ref": null,
            "rendered": Object {
              "instance": null,
              "key": undefined,
              "nodeType": "class",
              "props": Object {
                "label": "Stock symbol",
                "onTextInput": [Function],
                "placeholder": undefined,
                "type": "search",
                "value": "",
              },
              "ref": null,
              "rendered": null,
              "type": [Function],
            },
            "type": [Function],
          },
          Object {
            "instance": null,
            "key": undefined,
            "nodeType": "class",
            "props": Object {
              "children": <View
                style={
                  Object {
                    "flex": 0.5,
                    "flexDirection": "row",
                    "justifyContent": "center",
                  }
                }
              >
                <Button
                  buttonPress={[Function]}
                  buttonStyle={
                    Object {
                      "alignItems": "center",
                      "backgroundColor": "#EA572D",
                      "borderRadius": 60,
                      "flex": 0.5,
                      "justifyContent": "center",
                    }
                  }
                  title="Search"
                />
              </View>,
              "style": Object {
                "flex": 1,
              },
            },
            "ref": null,
            "rendered": Object {
              "instance": null,
              "key": undefined,
              "nodeType": "class",
              "props": Object {
                "children": <Button
                  buttonPress={[Function]}
                  buttonStyle={
                    Object {
                      "alignItems": "center",
                      "backgroundColor": "#EA572D",
                      "borderRadius": 60,
                      "flex": 0.5,
                      "justifyContent": "center",
                    }
                  }
                  title="Search"
                />,
                "style": Object {
                  "flex": 0.5,
                  "flexDirection": "row",
                  "justifyContent": "center",
                },
              },
              "ref": null,
              "rendered": Object {
                "instance": null,
                "key": undefined,
                "nodeType": "class",
                "props": Object {
                  "buttonPress": [Function],
                  "buttonStyle": Object {
                    "alignItems": "center",
                    "backgroundColor": "#EA572D",
                    "borderRadius": 60,
                    "flex": 0.5,
                    "justifyContent": "center",
                  },
                  "title": "Search",
                },
                "ref": null,
                "rendered": null,
                "type": [Function],
              },
              "type": [Function],
            },
            "type": [Function],
          },
        ],
        "type": [Function],
      },
      "type": [Function],
    },
  ],
  Symbol(enzyme.__options__): Object {
    "adapter": ReactSixteenAdapter {
      "options": Object {
        "enableComponentDidUpdateOnSetState": true,
      },
    },
  },
}
`;
