// Jest Snapshot v1, https://goo.gl/fbAQLP

exports[`The StockItem component It should render Should render 1`] = `
ShallowWrapper {
  "length": 1,
  Symbol(enzyme.__root__): [Circular],
  Symbol(enzyme.__unrendered__): <StockItem
    item={
      Object {
        "data": Object {
          "2. high": 196,
          "3. low": 100,
          "date": "2017-06-10",
        },
      }
    }
  />,
  Symbol(enzyme.__renderer__): Object {
    "batchedUpdates": [Function],
    "getNode": [Function],
    "render": [Function],
    "simulateEvent": [Function],
    "unmount": [Function],
  },
  Symbol(enzyme.__node__): Object {
    "instance": null,
    "key": undefined,
    "nodeType": "class",
    "props": Object {
      "children": Array [
        <View
          style={
            Object {
              "flex": 0.25,
            }
          }
        >
          <Text
            accessible={true}
            allowFontScaling={true}
            ellipsizeMode="tail"
            style={
              Object {
                "color": "black",
                "textAlign": "center",
              }
            }
          >
            Date - 
          </Text>
        </View>,
        <View
          style={
            Object {
              "flex": 0.1,
            }
          }
        />,
        <View
          style={
            Object {
              "flex": 0.25,
            }
          }
        >
          <Text
            accessible={true}
            allowFontScaling={true}
            ellipsizeMode="tail"
            style={
              Object {
                "color": "black",
                "textAlign": "center",
              }
            }
          >
            High- 
            196
          </Text>
        </View>,
        <View
          style={
            Object {
              "flex": 0.1,
            }
          }
        />,
        <View
          style={
            Object {
              "flex": 0.25,
            }
          }
        >
          <Text
            accessible={true}
            allowFontScaling={true}
            ellipsizeMode="tail"
            style={
              Object {
                "color": "black",
                "textAlign": "center",
              }
            }
          >
            Low - 
            100
          </Text>
        </View>,
      ],
      "style": Object {
        "flex": 0.2,
        "flexDirection": "row",
        "justifyContent": "center",
        "marginBottom": 10,
      },
    },
    "ref": null,
    "rendered": Array [
      Object {
        "instance": null,
        "key": undefined,
        "nodeType": "class",
        "props": Object {
          "children": <Text
            accessible={true}
            allowFontScaling={true}
            ellipsizeMode="tail"
            style={
              Object {
                "color": "black",
                "textAlign": "center",
              }
            }
          >
            Date - 
          </Text>,
          "style": Object {
            "flex": 0.25,
          },
        },
        "ref": null,
        "rendered": Object {
          "instance": null,
          "key": undefined,
          "nodeType": "class",
          "props": Object {
            "accessible": true,
            "allowFontScaling": true,
            "children": Array [
              "Date - ",
              undefined,
            ],
            "ellipsizeMode": "tail",
            "style": Object {
              "color": "black",
              "textAlign": "center",
            },
          },
          "ref": null,
          "rendered": Array [
            "Date - ",
            undefined,
          ],
          "type": [Function],
        },
        "type": [Function],
      },
      Object {
        "instance": null,
        "key": undefined,
        "nodeType": "class",
        "props": Object {
          "style": Object {
            "flex": 0.1,
          },
        },
        "ref": null,
        "rendered": null,
        "type": [Function],
      },
      Object {
        "instance": null,
        "key": undefined,
        "nodeType": "class",
        "props": Object {
          "children": <Text
            accessible={true}
            allowFontScaling={true}
            ellipsizeMode="tail"
            style={
              Object {
                "color": "black",
                "textAlign": "center",
              }
            }
          >
            High- 
            196
          </Text>,
          "style": Object {
            "flex": 0.25,
          },
        },
        "ref": null,
        "rendered": Object {
          "instance": null,
          "key": undefined,
          "nodeType": "class",
          "props": Object {
            "accessible": true,
            "allowFontScaling": true,
            "children": Array [
              "High- ",
              196,
            ],
            "ellipsizeMode": "tail",
            "style": Object {
              "color": "black",
              "textAlign": "center",
            },
          },
          "ref": null,
          "rendered": Array [
            "High- ",
            196,
          ],
          "type": [Function],
        },
        "type": [Function],
      },
      Object {
        "instance": null,
        "key": undefined,
        "nodeType": "class",
        "props": Object {
          "style": Object {
            "flex": 0.1,
          },
        },
        "ref": null,
        "rendered": null,
        "type": [Function],
      },
      Object {
        "instance": null,
        "key": undefined,
        "nodeType": "class",
        "props": Object {
          "children": <Text
            accessible={true}
            allowFontScaling={true}
            ellipsizeMode="tail"
            style={
              Object {
                "color": "black",
                "textAlign": "center",
              }
            }
          >
            Low - 
            100
          </Text>,
          "style": Object {
            "flex": 0.25,
          },
        },
        "ref": null,
        "rendered": Object {
          "instance": null,
          "key": undefined,
          "nodeType": "class",
          "props": Object {
            "accessible": true,
            "allowFontScaling": true,
            "children": Array [
              "Low - ",
              100,
            ],
            "ellipsizeMode": "tail",
            "style": Object {
              "color": "black",
              "textAlign": "center",
            },
          },
          "ref": null,
          "rendered": Array [
            "Low - ",
            100,
          ],
          "type": [Function],
        },
        "type": [Function],
      },
    ],
    "type": [Function],
  },
  Symbol(enzyme.__nodes__): Array [
    Object {
      "instance": null,
      "key": undefined,
      "nodeType": "class",
      "props": Object {
        "children": Array [
          <View
            style={
              Object {
                "flex": 0.25,
              }
            }
          >
            <Text
              accessible={true}
              allowFontScaling={true}
              ellipsizeMode="tail"
              style={
                Object {
                  "color": "black",
                  "textAlign": "center",
                }
              }
            >
              Date - 
            </Text>
          </View>,
          <View
            style={
              Object {
                "flex": 0.1,
              }
            }
          />,
          <View
            style={
              Object {
                "flex": 0.25,
              }
            }
          >
            <Text
              accessible={true}
              allowFontScaling={true}
              ellipsizeMode="tail"
              style={
                Object {
                  "color": "black",
                  "textAlign": "center",
                }
              }
            >
              High- 
              196
            </Text>
          </View>,
          <View
            style={
              Object {
                "flex": 0.1,
              }
            }
          />,
          <View
            style={
              Object {
                "flex": 0.25,
              }
            }
          >
            <Text
              accessible={true}
              allowFontScaling={true}
              ellipsizeMode="tail"
              style={
                Object {
                  "color": "black",
                  "textAlign": "center",
                }
              }
            >
              Low - 
              100
            </Text>
          </View>,
        ],
        "style": Object {
          "flex": 0.2,
          "flexDirection": "row",
          "justifyContent": "center",
          "marginBottom": 10,
        },
      },
      "ref": null,
      "rendered": Array [
        Object {
          "instance": null,
          "key": undefined,
          "nodeType": "class",
          "props": Object {
            "children": <Text
              accessible={true}
              allowFontScaling={true}
              ellipsizeMode="tail"
              style={
                Object {
                  "color": "black",
                  "textAlign": "center",
                }
              }
            >
              Date - 
            </Text>,
            "style": Object {
              "flex": 0.25,
            },
          },
          "ref": null,
          "rendered": Object {
            "instance": null,
            "key": undefined,
            "nodeType": "class",
            "props": Object {
              "accessible": true,
              "allowFontScaling": true,
              "children": Array [
                "Date - ",
                undefined,
              ],
              "ellipsizeMode": "tail",
              "style": Object {
                "color": "black",
                "textAlign": "center",
              },
            },
            "ref": null,
            "rendered": Array [
              "Date - ",
              undefined,
            ],
            "type": [Function],
          },
          "type": [Function],
        },
        Object {
          "instance": null,
          "key": undefined,
          "nodeType": "class",
          "props": Object {
            "style": Object {
              "flex": 0.1,
            },
          },
          "ref": null,
          "rendered": null,
          "type": [Function],
        },
        Object {
          "instance": null,
          "key": undefined,
          "nodeType": "class",
          "props": Object {
            "children": <Text
              accessible={true}
              allowFontScaling={true}
              ellipsizeMode="tail"
              style={
                Object {
                  "color": "black",
                  "textAlign": "center",
                }
              }
            >
              High- 
              196
            </Text>,
            "style": Object {
              "flex": 0.25,
            },
          },
          "ref": null,
          "rendered": Object {
            "instance": null,
            "key": undefined,
            "nodeType": "class",
            "props": Object {
              "accessible": true,
              "allowFontScaling": true,
              "children": Array [
                "High- ",
                196,
              ],
              "ellipsizeMode": "tail",
              "style": Object {
                "color": "black",
                "textAlign": "center",
              },
            },
            "ref": null,
            "rendered": Array [
              "High- ",
              196,
            ],
            "type": [Function],
          },
          "type": [Function],
        },
        Object {
          "instance": null,
          "key": undefined,
          "nodeType": "class",
          "props": Object {
            "style": Object {
              "flex": 0.1,
            },
          },
          "ref": null,
          "rendered": null,
          "type": [Function],
        },
        Object {
          "instance": null,
          "key": undefined,
          "nodeType": "class",
          "props": Object {
            "children": <Text
              accessible={true}
              allowFontScaling={true}
              ellipsizeMode="tail"
              style={
                Object {
                  "color": "black",
                  "textAlign": "center",
                }
              }
            >
              Low - 
              100
            </Text>,
            "style": Object {
              "flex": 0.25,
            },
          },
          "ref": null,
          "rendered": Object {
            "instance": null,
            "key": undefined,
            "nodeType": "class",
            "props": Object {
              "accessible": true,
              "allowFontScaling": true,
              "children": Array [
                "Low - ",
                100,
              ],
              "ellipsizeMode": "tail",
              "style": Object {
                "color": "black",
                "textAlign": "center",
              },
            },
            "ref": null,
            "rendered": Array [
              "Low - ",
              100,
            ],
            "type": [Function],
          },
          "type": [Function],
        },
      ],
      "type": [Function],
    },
  ],
  Symbol(enzyme.__options__): Object {
    "adapter": ReactSixteenAdapter {
      "options": Object {
        "enableComponentDidUpdateOnSetState": true,
      },
    },
  },
}
`;
